<html>
<body>
<pre>
<h1>µVision Build Log</h1>
<h2>Tool Versions:</h2>
IDE-Version: ¦ÌVision V5.21.1.0
Copyright (C) 2016 ARM Ltd and ARM Germany GmbH. All rights reserved.
License Information: 1 2, 3, LIC=GMZI6-DYK2S-IIG5V-P921Z-5UIXM-XG49B
 
Tool Versions:
Toolchain:       MDK-ARM Plus  Version: 5.21a
Toolchain Path:  D:\Program\keil MDK\ARM\ARMCC\Bin
C Compiler:      Armcc.exe V5.06 update 3 (build 300)
Assembler:       Armasm.exe V5.06 update 3 (build 300)
Linker/Locator:  ArmLink.exe V5.06 update 3 (build 300)
Library Manager: ArmAr.exe V5.06 update 3 (build 300)
Hex Converter:   FromElf.exe V5.06 update 3 (build 300)
CPU DLL:         SARMCM3.DLL V5.21a
Dialog DLL:      DARMSTM.DLL V1.66.0.1
Target DLL:      CMSIS_AGDI.dll V1.26.5.0
Dialog DLL:        TARMSTM.DLL   
 
<h2>Project:</h2>
D:\Program Data\resume\3-degree-of-freedom motion platform\USER\USART.uvprojx
Project File Date:  09/05/2023

<h2>Output:</h2>
*** Using Compiler 'V5.06 update 3 (build 300)', folder: 'D:\Program\keil MDK\ARM\ARMCC\Bin'
Build target 'Remote Control of Stepper Motor'
compiling main.c...
..\HARDWARE\pca9685\pca9685.h(37): warning:  #1-D: last line of file ends without a newline
  #endif
main.c(12): warning:  #177-D: variable "res" was declared but never referenced
  	u8 res;
main.c(13): warning:  #177-D: variable "b" was declared but never referenced
  	char  b;
main.c(16): warning:  #177-D: variable "receivedData" was declared but never referenced
  	 u16 receivedData;
main.c(17): warning:  #177-D: variable "j" was declared but never referenced
  	 u16 j;
main.c: 5 warnings, 0 errors
linking...
Program Size: Code=9712 RO-data=336 RW-data=56 ZI-data=1832  
FromELF: creating hex file...
"..\OBJ\USART.axf" - 0 Error(s), 5 Warning(s).

<h2>Collection of Component include folders:</h2>
  D:\Program Data\resume\3-degree-of-freedom motion platform\USER\RTE
  D:\Program\keil MDK\ARM\PACK\Keil\STM32F1xx_DFP\2.2.0\Device\Include

<h2>Collection of Component Files used:</h2>
Build Time Elapsed:  00:00:00
</pre>
</body>
</html>
